// Vitest Snapshot v1, https://vitest.dev/guide/snapshot.html

exports[`convertElementDecorationsToStyleKeys > borderStyle style key generation > generates the borderStyle__dashed style key for dashed border style 1`] = `"borderStyle__dashed"`;

exports[`convertElementDecorationsToStyleKeys > borderStyle style key generation > generates the borderStyle__dotted style key for dotted border style 1`] = `"borderStyle__dotted"`;

exports[`convertElementDecorationsToStyleKeys > borderStyle style key generation > generates the borderStyle__none style key for none border style 1`] = `"borderStyle__none"`;

exports[`convertElementDecorationsToStyleKeys > borderStyle style key generation > generates the borderStyle__solid style key for solid border style 1`] = `"borderStyle__solid"`;

exports[`convertElementDecorationsToStyleKeys > textAlign style key generation > generates the textAlign__center style key for center text alignment 1`] = `"textAlign__center"`;

exports[`convertElementDecorationsToStyleKeys > textAlign style key generation > generates the textAlign__left style key for left text alignment 1`] = `"textAlign__left"`;

exports[`convertElementDecorationsToStyleKeys > textAlign style key generation > generates the textAlign__right style key for right text alignment 1`] = `"textAlign__right"`;

exports[`convertElementDecorationsToStyleKeys > textFont style key generation > should generate the textFont style key for a font family array 1`] = `"textFont__["Arial","Helvetica"]"`;

exports[`convertElementDecorationsToStyleKeys > textItalic style key generation > generates the textItalic__false style key when italic is disabled 1`] = `"textItalic__false"`;

exports[`convertElementDecorationsToStyleKeys > textItalic style key generation > generates the textItalic__true style key when italic is enabled 1`] = `"textItalic__true"`;

exports[`convertElementDecorationsToStyleKeys > textLineType style key generation > generates the textLineType__lineThrough style key for lineThrough line type 1`] = `"textLineType__lineThrough"`;

exports[`convertElementDecorationsToStyleKeys > textLineType style key generation > generates the textLineType__none style key for none line type 1`] = `"textLineType__none"`;

exports[`convertElementDecorationsToStyleKeys > textLineType style key generation > generates the textLineType__underline style key for underline line type 1`] = `"textLineType__underline"`;

exports[`convertElementDecorationsToStyleKeys > textWeight style key generation > generates the textWeight__black style key for black font weight 1`] = `"textWeight__black"`;

exports[`convertElementDecorationsToStyleKeys > textWeight style key generation > generates the textWeight__bold style key for bold font weight 1`] = `"textWeight__bold"`;

exports[`convertElementDecorationsToStyleKeys > textWeight style key generation > generates the textWeight__extraBold style key for extraBold font weight 1`] = `"textWeight__extraBold"`;

exports[`convertElementDecorationsToStyleKeys > textWeight style key generation > generates the textWeight__extraLight style key for extraLight font weight 1`] = `"textWeight__extraLight"`;

exports[`convertElementDecorationsToStyleKeys > textWeight style key generation > generates the textWeight__light style key for light font weight 1`] = `"textWeight__light"`;

exports[`convertElementDecorationsToStyleKeys > textWeight style key generation > generates the textWeight__medium style key for medium font weight 1`] = `"textWeight__medium"`;

exports[`convertElementDecorationsToStyleKeys > textWeight style key generation > generates the textWeight__normal style key for normal font weight 1`] = `"textWeight__normal"`;

exports[`convertElementDecorationsToStyleKeys > textWeight style key generation > generates the textWeight__semiBold style key for semiBold font weight 1`] = `"textWeight__semiBold"`;

exports[`convertElementDecorationsToStyleKeys > textWeight style key generation > generates the textWeight__thin style key for thin font weight 1`] = `"textWeight__thin"`;
