// Vitest Snapshot v1, https://vitest.dev/guide/snapshot.html

exports[`transformColorKeyToCss > Error handling > should throw if "==" is used without a state 1`] = `[Error: Invalid key format. Reference "==" requires a preceding non-rest interaction state.]`;

exports[`transformColorKeyToCss > Error handling > should throw if the style key format is invalid 1`] = `[Error: Invalid key format. Expected value in square brackets at the end.]`;

exports[`transformColorKeyToCss > Error handling > should throw when using unsupported state "visited" 1`] = `[Error: Invalid key format. Reference "==" requires a preceding non-rest interaction state.]`;

exports[`transformColorKeyToCss > Success operation > should transform a key with "==focus" and include :focus on parent 1`] = `".-a:focus .abc { color: #0000004d; }"`;

exports[`transformColorKeyToCss > Success operation > should transform a key with "==hover" and include :hover on parent 1`] = `".-a:hover .abc { background-color: #4040bf80; }"`;

exports[`transformColorKeyToCss > Success operation > should transform a key without reference 1`] = `".abc { color: #40bf40; }"`;

exports[`transformColorKeyToCss > Success operation > should transform a key without reference and include ":hover" 1`] = `".abc:hover { background-color: #4040bf80; }"`;
