// Vitest Snapshot v1, https://vitest.dev/guide/snapshot.html

exports[`transformColorKeyToCss > Error handling > should throw if "::ref" is used without a state 1`] = `[Error: Invalid key format. "::ref" requires a preceding interaction state.]`;

exports[`transformColorKeyToCss > Error handling > should throw if the style key format is invalid 1`] = `[Error: Invalid key format. Expected value in square brackets at the end.]`;

exports[`transformColorKeyToCss > Error handling > should throw when using unsupported state "visited" 1`] = `[Error: Invalid key format. "::ref" requires a preceding interaction state.]`;

exports[`transformColorKeyToCss > Success operation > should transform a key with "--hover::ref" and include :hover on parent 1`] = `
{
  "className": "bgColor--hover::ref",
  "cssRule": ".bgColor--hover::ref__[240,50,50,0.5]:hover .bgColor--hover::ref { background-color: #4040bf80; }",
  "parentClassName": "bgColor--hover::ref__[240,50,50,0.5]",
}
`;

exports[`transformColorKeyToCss > Success operation > should transform a key without "::ref" and include ":hover 1`] = `
{
  "className": "bgColor--hover__[240,50,50,0.5]",
  "cssRule": ".bgColor--hover__[240,50,50,0.5] { background-color: #4040bf80; }",
  "parentClassName": undefined,
}
`;

exports[`transformColorKeyToCss > Success operation > should transform a key without "::ref" and include ":hover" 1`] = `
{
  "className": "bgColor--hover__[240,50,50,0.5]",
  "cssRule": ".bgColor--hover__[240,50,50,0.5]:hover { background-color: #4040bf80; }",
}
`;
