// Vitest Snapshot v1, https://vitest.dev/guide/snapshot.html

exports[`transformTextAlignKeyToCss function > Error handling > should throw an error for an invalid prefix 1`] = `[Error: Invalid style key "alignText__center". Expected the key to be in the format "<property>__<value>" with the property part being "textAlign".]`;

exports[`transformTextAlignKeyToCss function > Error handling > should throw an error for extra separators 1`] = `[Error: Unsupported value "center__extra" for property "textAlign" in style key "textAlign__center__extra".]`;

exports[`transformTextAlignKeyToCss function > Error handling > should throw an error for missing separators 1`] = `[Error: Invalid style key "textAlign-center". Expected the key to be in the format "<property>__<value>" with the property part being "textAlign".]`;

exports[`transformTextAlignKeyToCss function > Error handling > should throw an error for unsupported alignment value 1`] = `[Error: Unsupported value "top" for property "textAlign" in style key "textAlign__top".]`;

exports[`transformTextAlignKeyToCss function > Successful operation > should return GeneratedCss for "center" 1`] = `
{
  "className": "textAlign__center",
  "cssRule": ".textAlign__center { text-align: center; }",
}
`;

exports[`transformTextAlignKeyToCss function > Successful operation > should return GeneratedCss for "justify" 1`] = `
{
  "className": "textAlign__justify",
  "cssRule": ".textAlign__justify { text-align: justify; }",
}
`;

exports[`transformTextAlignKeyToCss function > Successful operation > should return GeneratedCss for "left" 1`] = `
{
  "className": "textAlign__left",
  "cssRule": ".textAlign__left { text-align: left; }",
}
`;

exports[`transformTextAlignKeyToCss function > Successful operation > should return GeneratedCss for "right" 1`] = `
{
  "className": "textAlign__right",
  "cssRule": ".textAlign__right { text-align: right; }",
}
`;

exports[`transformTextAlignKeyToCss function > Valid Cases > should return GeneratedCss for "center" 1`] = `
{
  "className": "textAlign__center",
  "cssRule": ".textAlign__center { text-align: center; }",
}
`;

exports[`transformTextAlignKeyToCss function > Valid Cases > should return GeneratedCss for "justify" 1`] = `
{
  "className": "textAlign__justify",
  "cssRule": ".textAlign__justify { text-align: justify; }",
}
`;

exports[`transformTextAlignKeyToCss function > Valid Cases > should return GeneratedCss for "left" 1`] = `
{
  "className": "textAlign__left",
  "cssRule": ".textAlign__left { text-align: left; }",
}
`;

exports[`transformTextAlignKeyToCss function > Valid Cases > should return GeneratedCss for "right" 1`] = `
{
  "className": "textAlign__right",
  "cssRule": ".textAlign__right { text-align: right; }",
}
`;
