// Vitest Snapshot v1, https://vitest.dev/guide/snapshot.html

exports[`convertElementAppearanceToStyleKey > textAlign style key generation > generates the textAlign__center style key for center text alignment 1`] = `
[
  "textAlign__center",
]
`;

exports[`convertElementAppearanceToStyleKey > textAlign style key generation > generates the textAlign__left style key for left text alignment 1`] = `
[
  "textAlign__left",
]
`;

exports[`convertElementAppearanceToStyleKey > textAlign style key generation > generates the textAlign__right style key for right text alignment 1`] = `
[
  "textAlign__right",
]
`;

exports[`convertElementAppearanceToStyleKey > textDecoration style key generation > generates the textDecoration__lineThrough style key for line-through text decoration 1`] = `
[
  "textDecoration__lineThrough",
]
`;

exports[`convertElementAppearanceToStyleKey > textDecoration style key generation > generates the textDecoration__none style key for none text decoration 1`] = `
[
  "textDecoration__none",
]
`;

exports[`convertElementAppearanceToStyleKey > textDecoration style key generation > generates the textDecoration__underline style key for underline text decoration 1`] = `
[
  "textDecoration__underline",
]
`;

exports[`convertElementAppearanceToStyleKey > textItalic > should generate textItalic false style key 1`] = `"textItalic__false"`;

exports[`convertElementAppearanceToStyleKey > textItalic > should generate textItalic true style key 1`] = `"textItalic__true"`;

exports[`convertElementAppearanceToStyleKey > textItalic style key generation > generates the textItalic__false style key when italic is disabled 1`] = `"textItalic__false"`;

exports[`convertElementAppearanceToStyleKey > textItalic style key generation > generates the textItalic__true style key when italic is enabled 1`] = `"textItalic__true"`;

exports[`convertElementAppearanceToStyleKey > textWeight > should generate textWeight black style key 1`] = `"textWeight__black"`;

exports[`convertElementAppearanceToStyleKey > textWeight > should generate textWeight bold style key 1`] = `"textWeight__bold"`;

exports[`convertElementAppearanceToStyleKey > textWeight > should generate textWeight extraBold style key 1`] = `"textWeight__extraBold"`;

exports[`convertElementAppearanceToStyleKey > textWeight > should generate textWeight extraLight style key 1`] = `"textWeight__extraLight"`;

exports[`convertElementAppearanceToStyleKey > textWeight > should generate textWeight light style key 1`] = `"textWeight__light"`;

exports[`convertElementAppearanceToStyleKey > textWeight > should generate textWeight medium style key 1`] = `"textWeight__medium"`;

exports[`convertElementAppearanceToStyleKey > textWeight > should generate textWeight normal style key 1`] = `"textWeight__normal"`;

exports[`convertElementAppearanceToStyleKey > textWeight > should generate textWeight semiBold style key 1`] = `"textWeight__semiBold"`;

exports[`convertElementAppearanceToStyleKey > textWeight > should generate textWeight thin style key 1`] = `"textWeight__thin"`;

exports[`convertElementAppearanceToStyleKey > textWeight style key generation > generates the textWeight__black style key for black font weight 1`] = `"textWeight__black"`;

exports[`convertElementAppearanceToStyleKey > textWeight style key generation > generates the textWeight__bold style key for bold font weight 1`] = `"textWeight__bold"`;

exports[`convertElementAppearanceToStyleKey > textWeight style key generation > generates the textWeight__extraBold style key for extraBold font weight 1`] = `"textWeight__extraBold"`;

exports[`convertElementAppearanceToStyleKey > textWeight style key generation > generates the textWeight__extraLight style key for extraLight font weight 1`] = `"textWeight__extraLight"`;

exports[`convertElementAppearanceToStyleKey > textWeight style key generation > generates the textWeight__light style key for light font weight 1`] = `"textWeight__light"`;

exports[`convertElementAppearanceToStyleKey > textWeight style key generation > generates the textWeight__medium style key for medium font weight 1`] = `"textWeight__medium"`;

exports[`convertElementAppearanceToStyleKey > textWeight style key generation > generates the textWeight__normal style key for normal font weight 1`] = `"textWeight__normal"`;

exports[`convertElementAppearanceToStyleKey > textWeight style key generation > generates the textWeight__semiBold style key for semiBold font weight 1`] = `"textWeight__semiBold"`;

exports[`convertElementAppearanceToStyleKey > textWeight style key generation > generates the textWeight__thin style key for thin font weight 1`] = `"textWeight__thin"`;
