// Vitest Snapshot v1, https://vitest.dev/guide/snapshot.html

exports[`transformDimensionKeyToCss > Successful operation > Valid Properties (Media Query Support) > should convert 'paddingTop--s:sm:1::bp:lg:1__16' into a valid CSS rule with media query 1`] = `
{
  "className": "paddingTop--lg1__16",
  "cssRule": "@media (min-width: 1152px) { .paddingTop--lg1__16 { padding-top: 16px; } }",
}
`;

exports[`transformDimensionKeyToCss > Successful operation > Valid Properties (Media Query Support) > should convert 'textSize--s:sm:1::bp:lg:1__16' into a valid CSS rule with media query and rem unit 1`] = `
{
  "className": "textSize--lg1__16",
  "cssRule": "@media (min-width: 1152px) { .textSize--lg1__16 { font-size: 1rem; } }",
}
`;

exports[`transformDimensionKeyToCss > Successful operation > Valid Properties (Size Support) > should convert 'borderWidth--s:sm:1__16' into a valid CSS rule 1`] = `
{
  "className": "borderWidth__16",
  "cssRule": ".borderWidth__16 { border-width: 16px; }",
}
`;

exports[`transformDimensionKeyToCss > Successful operation > Valid Properties (Size Support) > should convert 'boxHeight--s:sm:1__16' into a valid CSS rule 1`] = `
{
  "className": "height__16",
  "cssRule": ".height__16 { height: 16px; }",
}
`;

exports[`transformDimensionKeyToCss > Successful operation > Valid Properties (Size Support) > should convert 'boxWidth--s:sm:1__16' into a valid CSS rule 1`] = `
{
  "className": "width__16",
  "cssRule": ".width__16 { width: 16px; }",
}
`;

exports[`transformDimensionKeyToCss > Successful operation > Valid Properties (Size Support) > should convert 'marginLeft--s:sm:1__16' into a valid CSS rule 1`] = `
{
  "className": "marginLeft__16",
  "cssRule": ".marginLeft__16 { margin-left: 16px; }",
}
`;

exports[`transformDimensionKeyToCss > Successful operation > Valid Properties (Size Support) > should convert 'paddingRight--s:sm:1__16' into a valid CSS rule 1`] = `
{
  "className": "paddingRight__16",
  "cssRule": ".paddingRight__16 { padding-right: 16px; }",
}
`;

exports[`transformDimensionKeyToCss > Successful operation > Valid Properties (Size Support) > should convert 'textSize--s:sm:1__16' into a valid CSS rule 1`] = `
{
  "className": "textSize__16",
  "cssRule": ".textSize__16 { font-size: 1rem; }",
}
`;

exports[`transformDimensionKeyToCss > Successful operation > Valid Properties (Unique Value) > should convert 'borderWidth__16' into a valid CSS rule 1`] = `
{
  "className": "borderWidth__16",
  "cssRule": ".borderWidth__16 { border-width: 16px; }",
}
`;

exports[`transformDimensionKeyToCss > Successful operation > Valid Properties (Unique Value) > should convert 'boxHeight__16' into a valid CSS rule 1`] = `
{
  "className": "boxHeight__16",
  "cssRule": ".boxHeight__16 { height: 16px; }",
}
`;

exports[`transformDimensionKeyToCss > Successful operation > Valid Properties (Unique Value) > should convert 'boxWidth__16' into a valid CSS rule 1`] = `
{
  "className": "boxWidth__16",
  "cssRule": ".boxWidth__16 { width: 16px; }",
}
`;

exports[`transformDimensionKeyToCss > Successful operation > Valid Properties (Unique Value) > should convert 'marginLeft__16' into a valid CSS rule 1`] = `
{
  "className": "marginLeft__16",
  "cssRule": ".marginLeft__16 { margin-left: 16px; }",
}
`;

exports[`transformDimensionKeyToCss > Successful operation > Valid Properties (Unique Value) > should convert 'paddingTop__16' into a valid CSS rule 1`] = `
{
  "className": "paddingTop__16",
  "cssRule": ".paddingTop__16 { padding-top: 16px; }",
}
`;

exports[`transformDimensionKeyToCss > Successful operation > Valid Properties (Unique Value) > should convert 'textSize__16' into a valid CSS rule 1`] = `
{
  "className": "textSize__16",
  "cssRule": ".textSize__16 { font-size: 1rem; }",
}
`;

exports[`transformDimensionKeyToCss > Valid Properties (Media Query Support) > should convert 'paddingTop--s:sm:1::bp:lg:1__16' into a valid CSS rule with media query 1`] = `
{
  "className": "paddingTop--lg1__16",
  "cssRule": "@media (min-width: 1152px) { .paddingTop--lg1__16 { padding-top: 16px; } }",
}
`;

exports[`transformDimensionKeyToCss > Valid Properties (Media Query Support) > should convert 'textSize--s:sm:1::bp:lg:1__16' into a valid CSS rule with media query and rem unit 1`] = `
{
  "className": "textSize--lg1__16",
  "cssRule": "@media (min-width: 1152px) { .textSize--lg1__16 { font-size: 1rem; } }",
}
`;

exports[`transformDimensionKeyToCss > Valid Properties (Size Support) > should convert 'borderWidth--s:sm:1__16' into a valid CSS rule 1`] = `
{
  "className": "borderWidth__16",
  "cssRule": ".borderWidth__16 { border-width: 16px; }",
}
`;

exports[`transformDimensionKeyToCss > Valid Properties (Size Support) > should convert 'boxHeight--s:sm:1__16' into a valid CSS rule 1`] = `
{
  "className": "height__16",
  "cssRule": ".height__16 { height: 16px; }",
}
`;

exports[`transformDimensionKeyToCss > Valid Properties (Size Support) > should convert 'boxWidth--s:sm:1__16' into a valid CSS rule 1`] = `
{
  "className": "width__16",
  "cssRule": ".width__16 { width: 16px; }",
}
`;

exports[`transformDimensionKeyToCss > Valid Properties (Size Support) > should convert 'marginLeft--s:sm:1__16' into a valid CSS rule 1`] = `
{
  "className": "marginLeft__16",
  "cssRule": ".marginLeft__16 { margin-left: 16px; }",
}
`;

exports[`transformDimensionKeyToCss > Valid Properties (Size Support) > should convert 'paddingRight--s:sm:1__16' into a valid CSS rule 1`] = `
{
  "className": "paddingRight__16",
  "cssRule": ".paddingRight__16 { padding-right: 16px; }",
}
`;

exports[`transformDimensionKeyToCss > Valid Properties (Size Support) > should convert 'textSize--s:sm:1__16' into a valid CSS rule 1`] = `
{
  "className": "textSize__16",
  "cssRule": ".textSize__16 { font-size: 1rem; }",
}
`;

exports[`transformDimensionKeyToCss > Valid Properties (Unique Value) > should convert 'borderWidth__16' into a valid CSS rule 1`] = `
{
  "className": "borderWidth__16",
  "cssRule": ".borderWidth__16 { border-width: 16px; }",
}
`;

exports[`transformDimensionKeyToCss > Valid Properties (Unique Value) > should convert 'boxHeight__16' into a valid CSS rule 1`] = `
{
  "className": "boxHeight__16",
  "cssRule": ".boxHeight__16 { height: 16px; }",
}
`;

exports[`transformDimensionKeyToCss > Valid Properties (Unique Value) > should convert 'boxWidth__16' into a valid CSS rule 1`] = `
{
  "className": "boxWidth__16",
  "cssRule": ".boxWidth__16 { width: 16px; }",
}
`;

exports[`transformDimensionKeyToCss > Valid Properties (Unique Value) > should convert 'marginLeft__16' into a valid CSS rule 1`] = `
{
  "className": "marginLeft__16",
  "cssRule": ".marginLeft__16 { margin-left: 16px; }",
}
`;

exports[`transformDimensionKeyToCss > Valid Properties (Unique Value) > should convert 'paddingTop__16' into a valid CSS rule 1`] = `
{
  "className": "paddingTop__16",
  "cssRule": ".paddingTop__16 { padding-top: 16px; }",
}
`;

exports[`transformDimensionKeyToCss > Valid Properties (Unique Value) > should convert 'textSize__16' into a valid CSS rule 1`] = `
{
  "className": "textSize__16",
  "cssRule": ".textSize__16 { font-size: 1rem; }",
}
`;
