// Vitest Snapshot v1, https://vitest.dev/guide/snapshot.html

exports[`transformTextLineTypeKeyToCss > Error handling > Unsupported property errors > should throw when style key does not start with "textLineType__" 1`] = `"Invalid style key "invalidProperty__underline". Expected the key to be in the format "<property>__<value>" with the property part being "textLineType"."`;

exports[`transformTextLineTypeKeyToCss > Error handling > Unsupported property errors > should throw when the key cannot be split correctly 1`] = `"Invalid style key "textLineType-underline". Expected the key to be in the format "<property>__<value>" with the property part being "textLineType"."`;

exports[`transformTextLineTypeKeyToCss > Error handling > Unsupported property errors > throws error if style key format is invalid 1`] = `"Invalid style key "textLineType-underline". Expected the key to be in the format "<property>__<value>" with the property part being "textLineType"."`;

exports[`transformTextLineTypeKeyToCss > Error handling > Unsupported property errors > throws error if style key prefix is incorrect 1`] = `"Invalid style key "invalidProperty__underline". Expected the key to be in the format "<property>__<value>" with the property part being "textLineType"."`;

exports[`transformTextLineTypeKeyToCss > Error handling > Unsupported value errors > should throw when no text line type value is provided 1`] = `"Unsupported value "" for property "textLineType" in style key "textLineType__"."`;

exports[`transformTextLineTypeKeyToCss > Error handling > Unsupported value errors > should throw when style key contains extra separators 1`] = `"Unsupported value "underline__dotted" for property "textLineType" in style key "textLineType__underline__dotted"."`;

exports[`transformTextLineTypeKeyToCss > Error handling > Unsupported value errors > should throw when text line type value is unsupported 1`] = `"Unsupported value "overline" for property "textLineType" in style key "textLineType__overline"."`;

exports[`transformTextLineTypeKeyToCss > Error handling > Unsupported value errors > throws error if the value part is missing 1`] = `"Unsupported value "" for property "textLineType" in style key "textLineType__"."`;

exports[`transformTextLineTypeKeyToCss > Error handling > Unsupported value errors > throws error if value contains unexpected separators 1`] = `"Unsupported value "underline__dotted" for property "textLineType" in style key "textLineType__underline__dotted"."`;

exports[`transformTextLineTypeKeyToCss > Error handling > Unsupported value errors > throws error if value is unsupported 1`] = `"Unsupported value "overline" for property "textLineType" in style key "textLineType__overline"."`;

exports[`transformTextLineTypeKeyToCss > Successful operation > should return CSS for text line type "lineThrough" 1`] = `
{
  "className": "textLineType__lineThrough",
  "cssRule": ".textLineType__lineThrough { text-decoration: line-through; }",
}
`;

exports[`transformTextLineTypeKeyToCss > Successful operation > should return CSS for text line type "none" 1`] = `
{
  "className": "textLineType__none",
  "cssRule": ".textLineType__none { text-decoration: none; }",
}
`;

exports[`transformTextLineTypeKeyToCss > Successful operation > should return CSS for text line type "underline" 1`] = `
{
  "className": "textLineType__underline",
  "cssRule": ".textLineType__underline { text-decoration: underline; }",
}
`;
